[5d9844d886969.site123.me/index.html]
[cdn-cms-s.f-static.com/manager/site123_website/files/logos/brand_files/favicon-blue625f.png]
[cdn-cms-s.f-static.com/ready_uploads/pwaScreenLogo/pwaImage910e.png]
[cdn-cms.f-static.com/ready_uploads/pwaScreenLogo/152_152_000000_ffffff_W-v22.png]
[cdn-cms-s.f-static.com/ready_uploads/pwaScreenLogo/pwaImagee7a2.png]
[cdn-cms.f-static.com/ready_uploads/pwaScreenLogo/180_180_000000_ffffff_W-v22.png]
[cdn-cms-s.f-static.com/ready_uploads/pwaScreenLogo/pwaImagef524.png]
[cdn-cms.f-static.com/ready_uploads/pwaScreenLogo/167_167_000000_ffffff_W-v22.png]
[backblue.gif]
[fade.gif]
[index.html]
[cdn-cms-s.f-static.com/versions/2/css/minimize625f.css]
[cdn-cms-s.f-static.com/versions/2/css/websiteCSS23ab.css]
[cdn-cms-s.f-static.com/files/frameworks/cookieconsent-master/build/cookieconsent.min625f.js]
[5d9844d886969.site123.me/services.html]
[5d9844d886969.site123.me/about.html]
[5d9844d886969.site123.me/contact.html]
[5d9844d886969.site123.me/tracker.html]
[5d9844d886969.site123.me/services/washing.html]
[cdn-cms.f-static.com/uploads/2630165/400_crop_5d986952639a6_5d98684d75832.jpg]
[5d9844d886969.site123.me/services/ironing.html]
[5d9844d886969.site123.me/index4cd7.html]
[cdn-cms.f-static.com/uploads/2630165/400_crop_5d98692dc1af0_5d98688cb9dc8.jpg]
[5d9844d886969.site123.me/services/delivery.html]
[cdn-cms.f-static.com/uploads/2630165/400_crop_5d98690d1693c_5d9868cf6efd0.jpg]
[cdn-cms.f-static.com/uploads/2630165/800_5d0a171177656.jpg]
[cdn-cms.f-static.com/uploads/2031/400_5a16a9848fdd0.jpg]
[cdn-cms.f-static.com/uploads/2031/400_5a15adf4c6469.jpg]
[cdn-cms.f-static.com/uploads/2031/400_5a15a9b2d0271.jpg]
[cdn-cms.f-static.com/uploads/2031/400_5a2816abd9044.jpg]
[cdn-cms.f-static.com/uploads/2031/400_5a2817ee48957.jpg]
[cdn-cms.f-static.com/uploads/2031/400_5a15a987cc8c1.jpg]
[5d9844d886969.site123.me/terms.html]
[5d9844d886969.site123.me/privacy.html]
[cdn-cms-s.f-static.com/files/images/google_map_white_small625f.png]
[cdn-cms-s.f-static.com/files/images/waze_white_small625f.png]
[cdn-cms-s.f-static.com/files/images/moovit_white_small625f.png]
[cdn-cms-s.f-static.com/manager/site123_website/files/logos/brand_files/png-white625f.png]
[5d9844d886969.site123.me/site123.21.delayed]
[5d9844d886969.site123.me/index.html]
[cdn-cms-s.f-static.com/versions/2/wizard/statistics/js/generateStats625f.js]
[cdn-cms-s.f-static.com/files/vendor/slick-1.8.1/slick/ajax-loader.gif]
[cdn-cms-s.f-static.com/versions/2/css/fonts/slick.eot]
[cdn-cms-s.f-static.com/versions/2/css/fonts/slickd41d.eot]
[cdn-cms-s.f-static.com/versions/2/css/fonts/slick.woff]
[cdn-cms-s.f-static.com/versions/2/css/fonts/slick.ttf]
[cdn-cms-s.f-static.com/versions/2/css/fonts/slick.svg]
[cdn-cms-s.f-static.com/versions/2/css/owl.video.play.png]
[cdn-cms-s.f-static.com/files/colorbox/images/overlay.png]
[cdn-cms-s.f-static.com/files/colorbox/images/controls.png]
[cdn-cms-s.f-static.com/files/colorbox/images/border.png]
[cdn-cms-s.f-static.com/files/colorbox/images/loading_background.png]
[cdn-cms-s.f-static.com/files/colorbox/images/loading.gif]
[cdn-cms-s.f-static.com/files/gritter/images/ie-spacer.gif]
[cdn-cms-s.f-static.com/files/gritter/images/gritter.png]
[cdn-cms-s.f-static.com/files/gritter/images/gritter-light.png]
[cdn-cms-s.f-static.com/versions/2/css/minimize625f.css]
[cdn-cms.f-static.com/ready_uploads/media/49023/2000_5ce2c023e1e45.jpg]
[cdn-cms-s.f-static.com/versions/2/js/minimize625f.js]
[cdn-cms-s.f-static.com/versions/2/css/websiteCSS23ab.css]
[5d9844d886969.site123.me/services.html]
[5d9844d886969.site123.me/about.html]
[5d9844d886969.site123.me/contact.html]
[5d9844d886969.site123.me/tracker.html]
[cdn-cms-s.f-static.com/files/frameworks/intl-tel-input-8.5.2/build/img/flags.png]
[www.google.com/recaptcha/api.js]
[cdn-cms-s.f-static.com/versions/2/wizard/clientZone/images/noImage.png]
[cdn-cms-s.f-static.com/files/frameworks/intl-tel-input-8.5.2/build/img/flags@2x.png]
[5d9844d886969.site123.me/versions/2/wizard/clientZone/logout.38.delayed]
[5d9844d886969.site123.me/index4cd7.html]
[cdn-cms.f-static.com/uploads/2630165/800_crop_5d986952639a6_5d98684d75832.jpg]
[5d9844d886969.site123.me/services/site123.me]
[5d9844d886969.site123.me/services/washing.html]
[cdn-cms.f-static.com/uploads/2630165/800_crop_5d98692dc1af0_5d98688cb9dc8.jpg]
[5d9844d886969.site123.me/services/ironing.html]
[cdn-cms.f-static.com/uploads/2630165/800_crop_5d98690d1693c_5d9868cf6efd0.jpg]
[5d9844d886969.site123.me/services/delivery.html]
[5d9844d886969.site123.me/terms.html]
[5d9844d886969.site123.me/privacy.html]
[5d9844d886969.site123.me/site123.html]
[cdn-cms-s.f-static.com/versions/2/css/fonts/slick.html]
[cdn-cms-s.f-static.com/versions/2/css/fonts/slickd41d.html]
[cdn-cms-s.f-static.com/versions/2/css/fonts/slick-2.html]
[cdn-cms-s.f-static.com/versions/2/css/fonts/slick-3.html]
[cdn-cms-s.f-static.com/versions/2/css/fonts/slick-4.html]
[cdn-cms-s.f-static.com/versions/2/css/owl.video.play.html]
[cdn-cms-s.f-static.com/files/colorbox/images/loading_background.html]
[cdn-cms-s.f-static.com/files/colorbox/images/loading.html]
[5d9844d886969.site123.me/services/site123.html]
